// Jest Snapshot v1, https://goo.gl/fbAQLP

exports[`SideBar should render correctly with favorites route 1`] = `
<nav
  className="sc-bczRLJ dKvaUX"
>
  <a
    aria-current={null}
    className="sidebar-link "
    href="/"
    id="sidebar-home-link"
    onClick={[Function]}
  >
    <svg
      className="sidebar-link-icon"
      fill="currentColor"
      height="1em"
      stroke="currentColor"
      strokeWidth="0"
      style={
        Object {
          "color": undefined,
        }
      }
      viewBox="0 0 1024 1024"
      width="1em"
      xmlns="http://www.w3.org/2000/svg"
    >
      <path
        d="M946.5 505L534.6 93.4a31.93 31.93 0 0 0-45.2 0L77.5 505c-12 12-18.8 28.3-18.8 45.3 0 35.3 28.7 64 64 64h43.4V908c0 17.7 14.3 32 32 32H448V716h112v224h265.9c17.7 0 32-14.3 32-32V614.3h43.4c17 0 33.3-6.7 45.3-18.8 24.9-25 24.9-65.5-.1-90.5z"
        key="0"
      />
    </svg>
    <span>
      Home
    </span>
  </a>
  <a
    aria-current="page"
    className="sidebar-link sidebar-link-active active"
    href="/favorites"
    id="sidebar-favorites-link"
    onClick={[Function]}
    style={Object {}}
  >
    <svg
      className="sidebar-link-icon"
      fill="currentColor"
      height="1em"
      stroke="currentColor"
      strokeWidth="0"
      style={
        Object {
          "color": undefined,
        }
      }
      viewBox="0 0 24 24"
      width="1em"
      xmlns="http://www.w3.org/2000/svg"
    >
      <path
        d="M0 0h24v24H0z"
        fill="none"
        key="0"
      />
      <path
        d="M12 21.35l-1.45-1.32C5.4 15.36 2 12.28 2 8.5 2 5.42 4.42 3 7.5 3c1.74 0 3.41.81 4.5 2.09C13.09 3.81 14.76 3 16.5 3 19.58 3 22 5.42 22 8.5c0 3.78-3.4 6.86-8.55 11.54L12 21.35z"
        key="1"
      />
    </svg>
    <span>
      Favorites
    </span>
  </a>
</nav>
`;

exports[`SideBar should render correctly with home route 1`] = `
<nav
  className="sc-bczRLJ dKvaUX"
>
  <a
    aria-current="page"
    className="sidebar-link sidebar-link-active active"
    href="/"
    id="sidebar-home-link"
    onClick={[Function]}
    style={Object {}}
  >
    <svg
      className="sidebar-link-icon"
      fill="currentColor"
      height="1em"
      stroke="currentColor"
      strokeWidth="0"
      style={
        Object {
          "color": undefined,
        }
      }
      viewBox="0 0 1024 1024"
      width="1em"
      xmlns="http://www.w3.org/2000/svg"
    >
      <path
        d="M946.5 505L534.6 93.4a31.93 31.93 0 0 0-45.2 0L77.5 505c-12 12-18.8 28.3-18.8 45.3 0 35.3 28.7 64 64 64h43.4V908c0 17.7 14.3 32 32 32H448V716h112v224h265.9c17.7 0 32-14.3 32-32V614.3h43.4c17 0 33.3-6.7 45.3-18.8 24.9-25 24.9-65.5-.1-90.5z"
        key="0"
      />
    </svg>
    <span>
      Home
    </span>
  </a>
  <a
    aria-current={null}
    className="sidebar-link "
    href="/favorites"
    id="sidebar-favorites-link"
    onClick={[Function]}
  >
    <svg
      className="sidebar-link-icon"
      fill="currentColor"
      height="1em"
      stroke="currentColor"
      strokeWidth="0"
      style={
        Object {
          "color": undefined,
        }
      }
      viewBox="0 0 24 24"
      width="1em"
      xmlns="http://www.w3.org/2000/svg"
    >
      <path
        d="M0 0h24v24H0z"
        fill="none"
        key="0"
      />
      <path
        d="M12 21.35l-1.45-1.32C5.4 15.36 2 12.28 2 8.5 2 5.42 4.42 3 7.5 3c1.74 0 3.41.81 4.5 2.09C13.09 3.81 14.76 3 16.5 3 19.58 3 22 5.42 22 8.5c0 3.78-3.4 6.86-8.55 11.54L12 21.35z"
        key="1"
      />
    </svg>
    <span>
      Favorites
    </span>
  </a>
</nav>
`;
