// Jest Snapshot v1, https://goo.gl/fbAQLP

exports[`SearchInput should render correctly 1`] = `
<form
  className="sc-bczRLJ byqFuz"
>
  <input
    autoComplete="off"
    name="q"
    onChange={[Function]}
    placeholder="Search"
    theme={
      Object {
        "appIcon": "#ff0200",
        "background": "#F9F9F9",
        "barBackground": "#ffffff",
        "inputBackground": "#ffffff",
        "inputBorder": "#cccccc",
        "linkActive": "#ff0200",
        "linkHoverBackground": "#ececec",
        "primary": "#030303",
        "searchButtonBackground": "#f8f8f8",
        "secondary": "#606060",
      }
    }
    type="text"
    value=""
  />
  <button
    className="clear-button"
    onClick={[Function]}
    type="button"
  >
    <svg
      fill="currentColor"
      height="1em"
      stroke="currentColor"
      strokeWidth="0"
      style={
        Object {
          "color": undefined,
        }
      }
      viewBox="0 0 24 24"
      width="1em"
      xmlns="http://www.w3.org/2000/svg"
    >
      <path
        d="M0 0h24v24H0z"
        fill="none"
        key="0"
      />
      <path
        d="M19 6.41L17.59 5 12 10.59 6.41 5 5 6.41 10.59 12 5 17.59 6.41 19 12 13.41 17.59 19 19 17.59 13.41 12z"
        key="1"
      />
    </svg>
  </button>
  <button
    className="search-button"
    onClick={[Function]}
    type="submit"
  >
    <svg
      fill="currentColor"
      height="1em"
      stroke="currentColor"
      strokeWidth="0"
      style={
        Object {
          "color": undefined,
        }
      }
      viewBox="0 0 16 16"
      width="1em"
      xmlns="http://www.w3.org/2000/svg"
    >
      <path
        d="M11.742 10.344a6.5 6.5 0 1 0-1.397 1.398h-.001c.03.04.062.078.098.115l3.85 3.85a1 1 0 0 0 1.415-1.414l-3.85-3.85a1.007 1.007 0 0 0-.115-.1zM12 6.5a5.5 5.5 0 1 1-11 0 5.5 5.5 0 0 1 11 0z"
        key="0"
      />
    </svg>
  </button>
</form>
`;
